******************************************************************************
                  TI ARM Linker PC v20.2.7                     
******************************************************************************
>> Linked Sat Mar  9 07:49:57 2024

OUTPUT FILE NAME:   <LED_test.out>
ENTRY POINT SYMBOL: "_c_int00"  address: 000076e0


MEMORY CONFIGURATION

         name            origin    length      used     unused   attr    fill
----------------------  --------  ---------  --------  --------  ----  --------
  VECTORS               00000000   00000020  00000020  00000000     X
  FLASH0                00000020   0013ffe0  00008f31  001370af  R  X
  STACKS                08000000   00001500  00000000  00001500  RW  
  RAM                   08001500   0002eb00  00000090  0002ea70  RW  


SEGMENT ALLOCATION MAP

run origin  load origin   length   init length attrs members
----------  ----------- ---------- ----------- ----- -------
00000000    00000000    00008f58   00008f58    r-x
  00000000    00000000    00000020   00000020    r-x .intvecs
  00000020    00000020    00008c00   00008c00    r-x .text
  00008c20    00008c20    00000301   00000301    r-- .const
  00008f28    00008f28    00000030   00000030    r-- .cinit
08001500    08001500    00000090   00000000    rw-
  08001500    08001500    0000008c   00000000    rw- .bss
  0800158c    0800158c    00000004   00000000    rw- .data


SECTION ALLOCATION MAP

 output                                  attributes/
section   page    origin      length       input sections
--------  ----  ----------  ----------   ----------------
.intvecs   0    00000000    00000020     
                  00000000    00000020     sys_intvecs.obj (.intvecs)

.text      0    00000020    00008c00     
                  00000020    00002cdc     sys_selftest.obj (.text)
                  00002cfc    00000b64     system.obj (.text)
                  00003860    00000a54     sys_vim.obj (.text)
                  000042b4    00000a4e     rtsv7R4_T_be_v3D16_eabi.lib : _printfi.c.obj (.text:__TI_printfi)
                  00004d02    00000002                                 : div0.asm.obj (.text)
                  00004d04    000008b4     pinmux.obj (.text)
                  000055b8    000007b8     sci.obj (.text)
                  00005d70    00000664     errata_SSWF021_45.obj (.text)
                  000063d4    000005bc     esm.obj (.text)
                  00006990    00000484     gio.obj (.text)
                  00006e14    0000034c     sys_core.obj (.text)
                  00007160    000002cc     sys_vim.obj (.text:retain)
                  0000742c    000002b4     rtsv7R4_T_be_v3D16_eabi.lib : ull_div32.asm.obj (.text)
                  000076e0    00000288     sys_startup.obj (.text:retain)
                  00007968    00000248     rtsv7R4_T_be_v3D16_eabi.lib : _printfi.c.obj (.text:_pconv_a)
                  00007bb0    000001a0                                 : _printfi.c.obj (.text:_pconv_g)
                  00007d50    00000180     sys_main.obj (.text)
                  00007ed0    00000114     esm.obj (.text:retain)
                  00007fe4    00000104     rtsv7R4_T_be_v3D16_eabi.lib : _printfi.c.obj (.text:_pconv_e)
                  000080e8    000000fc                                 : _printfi.c.obj (.text:fcvt)
                  000081e4    000000f0                                 : s_scalbn.c.obj (.text:scalbn)
                  000082d4    000000e8     dabort.obj (.text)
                  000083bc    000000e0     rtsv7R4_T_be_v3D16_eabi.lib : s_floor.c.obj (.text:floor)
                  0000849c    000000e0     sys_pmu.obj (.text)
                  0000857c    000000ad     rtsv7R4_T_be_v3D16_eabi.lib : _printfi.c.obj (.text:_ltostr)
                  00008629    00000001     --HOLE-- [fill = 0]
                  0000862a    0000009c                                 : memcpy_t2.asm.obj (.text)
                  000086c6    00000002     --HOLE-- [fill = 0]
                  000086c8    00000094     notification.obj (.text)
                  0000875c    0000007a     rtsv7R4_T_be_v3D16_eabi.lib : _printfi.c.obj (.text:_mcpy)
                  000087d6    0000007a                                 : memset_t2.asm.obj (.text)
                  00008850    00000074                                 : s_frexp.c.obj (.text:frexp)
                  000088c4    0000006c                                 : copy_decompress_lzss.c.obj (.text:decompress:lzss:__TI_decompress_lzss)
                  00008930    00000054                                 : _ltoa.c.obj (.text:__TI_ltoa)
                  00008984    00000054                                 : _printfi.c.obj (.text:_ecpy)
                  000089d8    00000050                                 : _printfi.c.obj (.text:_pconv_f)
                  00008a28    00000050                                 : atoi.c.obj (.text:atoi)
                  00008a78    00000044                                 : autoinit.c.obj (.text:__TI_auto_init_nobinit_nopinit:__TI_auto_init_nobinit_nopinit)
                  00008abc    00000040                                 : _printfi.c.obj (.text:_fcpy)
                  00008afc    00000040                                 : sprintf.c.obj (.text:sprintf)
                  00008b3c    00000026                                 : memccpy.c.obj (.text:memccpy)
                  00008b62    0000001e                                 : s_copysign.c.obj (.text:copysign)
                  00008b80    0000001c                                 : copy_zero_init.c.obj (.text:decompress:ZI:__TI_zero_init_nomemset:__TI_zero_init_nomemset)
                  00008b9c    0000001a                                 : sprintf.c.obj (.text:_outs)
                  00008bb6    00000016                                 : strchr.c.obj (.text:strchr)
                  00008bcc    00000016                                 : strlen.c.obj (.text:strlen)
                  00008be2    00000012                                 : wcslen.c.obj (.text:wcslen)
                  00008bf4    0000000e                                 : copy_decompress_none.c.obj (.text:decompress:none:__TI_decompress_none)
                  00008c02    0000000a                                 : sprintf.c.obj (.text:_outc)
                  00008c0c    00000008                                 : errno.c.obj (.text:__aeabi_errno_addr)
                  00008c14    00000004                                 : exit.c.obj (.text:abort:abort)
                  00008c18    00000004     sys_phantom.obj (.text:retain)
                  00008c1c    00000004     sys_startup.obj (.text)

.const     0    00008c20    00000301     
                  00008c20    00000200     sys_vim.obj (.const:s_vim_init)
                  00008e20    00000101     rtsv7R4_T_be_v3D16_eabi.lib : ctype.c.obj (.const:.string:_ctypes_)

.cinit     0    00008f28    00000030     
                  00008f28    0000000c     (__TI_handler_table)
                  00008f34    00000004     --HOLE-- [fill = 0]
                  00008f38    00000008     (.cinit..bss.load) [load image, compression = zero_init]
                  00008f40    00000007     (.cinit..data.load) [load image, compression = lzss]
                  00008f47    00000001     --HOLE-- [fill = 0]
                  00008f48    00000010     (__TI_cinit_table)

.bss       0    08001500    0000008c     UNINITIALIZED
                  08001500    00000064     (.common:Buffer)
                  08001564    00000028     sci.obj (.bss:g_sciTransfer_t)

.data      0    0800158c    00000004     UNINITIALIZED
                  0800158c    00000004     rtsv7R4_T_be_v3D16_eabi.lib : errno.c.obj (.data)

__llvm_prf_cnts 
*          0    08001500    00000000     UNINITIALIZED

MODULE SUMMARY

       Module                       code    ro data   rw data
       ------                       ----    -------   -------
    .\source\
       sys_selftest.obj             11484   0         0      
       sys_vim.obj                  3360    512       0      
       system.obj                   2916    0         0      
       pinmux.obj                   2228    0         0      
       sci.obj                      1976    0         40     
       esm.obj                      1744    0         0      
       errata_SSWF021_45.obj        1636    0         0      
       gio.obj                      1156    0         0      
       sys_core.obj                 844     0         0      
       sys_startup.obj              652     0         0      
       sys_main.obj                 384     0         100    
       dabort.obj                   232     0         0      
       sys_pmu.obj                  224     0         0      
       notification.obj             148     0         0      
       sys_intvecs.obj              32      0         0      
       sys_phantom.obj              4       0         0      
    +--+----------------------------+-------+---------+---------+
       Total:                       29020   512       140    
                                                             
    C:/ti/ccs1250/ccs/tools/compiler/ti-cgt-arm_20.2.7.LTS/lib/rtsv7R4_T_be_v3D16_eabi.lib
       _printfi.c.obj               4673    0         0      
       ull_div32.asm.obj            692     0         0      
       ctype.c.obj                  0       257       0      
       s_scalbn.c.obj               240     0         0      
       s_floor.c.obj                224     0         0      
       memcpy_t2.asm.obj            156     0         0      
       memset_t2.asm.obj            122     0         0      
       s_frexp.c.obj                116     0         0      
       copy_decompress_lzss.c.obj   108     0         0      
       sprintf.c.obj                100     0         0      
       _ltoa.c.obj                  84      0         0      
       atoi.c.obj                   80      0         0      
       autoinit.c.obj               68      0         0      
       memccpy.c.obj                38      0         0      
       s_copysign.c.obj             30      0         0      
       copy_zero_init.c.obj         28      0         0      
       strchr.c.obj                 22      0         0      
       strlen.c.obj                 22      0         0      
       wcslen.c.obj                 18      0         0      
       copy_decompress_none.c.obj   14      0         0      
       errno.c.obj                  8       0         4      
       exit.c.obj                   4       0         0      
       div0.asm.obj                 2       0         0      
    +--+----------------------------+-------+---------+---------+
       Total:                       6849    257       4      
                                                             
       Linker Generated:            0       43        0      
    +--+----------------------------+-------+---------+---------+
       Grand Total:                 35869   812       144    


LINKER GENERATED COPY TABLES

__TI_cinit_table @ 00008f48 records: 2, size/record: 8, table size: 16
	.bss: load addr=00008f38, load size=00000008 bytes, run addr=08001500, run size=0000008c bytes, compression=zero_init
	.data: load addr=00008f40, load size=00000007 bytes, run addr=0800158c, run size=00000004 bytes, compression=lzss


LINKER GENERATED HANDLER TABLE

__TI_handler_table @ 00008f28 records: 3, size/record: 4, table size: 12
	index: 0, handler: __TI_zero_init
	index: 1, handler: __TI_decompress_lzss
	index: 2, handler: __TI_decompress_none


GLOBAL SYMBOLS: SORTED ALPHABETICALLY BY Name 

address   name                                
-------   ----                                
08001500  Buffer                              
00008c15  C$$EXIT                             
UNDEFED   SHT$$INIT_ARRAY$$Base               
UNDEFED   SHT$$INIT_ARRAY$$Limit              
00007e28  UART_Display_Text                   
00008f48  __TI_CINIT_Base                     
00008f58  __TI_CINIT_Limit                    
00008f28  __TI_Handler_Table_Base             
00008f34  __TI_Handler_Table_Limit            
00007158  __TI_PINIT_Base                     
0000715c  __TI_PINIT_Limit                    
00008a79  __TI_auto_init_nobinit_nopinit      
000088c5  __TI_decompress_lzss                
00008bf5  __TI_decompress_none                
00008931  __TI_ltoa                           
ffffffff  __TI_pprof_out_hndl                 
000042b5  __TI_printfi                        
ffffffff  __TI_prof_data_size                 
ffffffff  __TI_prof_data_start                
00000000  __TI_static_base__                  
00008b81  __TI_zero_init_nomemset             
00008c0d  __aeabi_errno_addr                  
00004d03  __aeabi_idiv0                       
00004d03  __aeabi_ldiv0                       
000087d7  __aeabi_memclr                      
000087d7  __aeabi_memclr4                     
000087d7  __aeabi_memclr8                     
0000862b  __aeabi_memcpy                      
0000862b  __aeabi_memcpy4                     
0000862b  __aeabi_memcpy8                     
000087d9  __aeabi_memset                      
000087d9  __aeabi_memset4                     
000087d9  __aeabi_memset8                     
0000742c  __aeabi_uldivmod                    
ffffffff  __binit__                           
ffffffff  __c_args__                          
08001500  __start___llvm_prf_cnts             
08001500  __stop___llvm_prf_cnts              
000076e0  _c_int00                            
00007070  _coreClearAuxiliaryDataFault_       
00007084  _coreClearAuxiliaryInstructionFault_
00007048  _coreClearDataFaultAddress_         
00007020  _coreClearDataFault_                
0000705c  _coreClearInstructionFaultAddress_  
00007034  _coreClearInstructionFault_         
00006fb4  _coreDisableEventBusExport_         
00006ff8  _coreDisableFlashEcc_               
00006fd4  _coreDisableRamEcc_                 
00006fa4  _coreEnableEventBusExport_          
00006fe4  _coreEnableFlashEcc_                
00007008  _coreEnableIrqVicOffset_            
00006fc4  _coreEnableRamEcc_                  
00006f8c  _coreEnableVfp_                     
00007068  _coreGetAuxiliaryDataFault_         
0000707c  _coreGetAuxiliaryInstructionFault_  
00007040  _coreGetDataFaultAddress_           
00007018  _coreGetDataFault_                  
00007054  _coreGetInstructionFaultAddress_    
0000702c  _coreGetInstructionFault_           
00006e14  _coreInitRegisters_                 
00006f20  _coreInitStackPointer_              
00008e20  _ctypes_                            
000082d4  _dabort                             
00007098  _disable_FIQ_interrupt_             
000070a0  _disable_IRQ_interrupt_             
00007090  _disable_interrupt_                 
000070a8  _enable_interrupt_                  
00007138  _errata_CORTEXR4_57_                
00007148  _errata_CORTEXR4_66_                
00005d70  _errata_SSWF021_45_both_plls        
00005f64  _errata_SSWF021_45_pll1             
000060dc  _errata_SSWF021_45_pll2             
000070b0  _esmCcmErrorsClear_                 
00006f6c  _getCPSRValue_                      
00006f74  _gotoCPUIdle_                       
000084f8  _pmuDisableCountersGlobal_          
000084e8  _pmuEnableCountersGlobal_           
00008554  _pmuGetCycleCount_                  
0000855c  _pmuGetEventCount_                  
00008568  _pmuGetOverflow_                    
0000849c  _pmuInit_                           
00008528  _pmuResetCounters_                  
00008508  _pmuResetCycleCounter_              
00008518  _pmuResetEventCounters_             
00008548  _pmuSetCountEvent_                  
00008538  _pmuStartCounters_                  
00008540  _pmuStopCounters_                   
UNDEFED   _system_post_cinit                  
00008c15  abort                               
0000126c  adc1ParityCheck                     
00001358  adc2ParityCheck                     
00008a29  atoi                                
ffffffff  binit                               
00001410  can1ParityCheck                     
000014e8  can2ParityCheck                     
000015b0  can3ParityCheck                     
00000030  ccmSelfCheck                        
000026fc  ccmr4GetConfigValue                 
00000938  checkB0RAMECC                       
00000b28  checkB1RAMECC                       
00001c18  checkClockMonitor                   
00000d18  checkFlashECC                       
00001cf4  checkFlashEEPROMECC                 
00001e8c  checkPLL1Slip                       
00001f8c  checkPLL2Slip                       
00002050  checkRAMAddrParity                  
000019d0  checkRAMECC                         
0000215c  checkRAMUERRTest                    
000007bc  checkefcSelfTest                    
00008b63  copysign                            
00008b63  copysignl                           
00000234  cpuSelfTest                         
00000dfc  cpuSelfTestFail                     
00003784  customTrimLPO                       
00000df4  custom_dabort                       
00002b58  disableParity                       
00008748  dmaGroupANotification               
00000eac  dmaParityCheck                      
00000660  efcCheck                            
00002660  efcGetConfigValue                   
00000794  efcSelfTest                         
000006e8  efcStuckZeroTest                    
00002ad0  enableParity                        
0000276c  errata_PBIST_4                      
0800158c  errno                               
00006558  esmActivateNormalOperation          
0000662c  esmClearStatus                      
0000666c  esmClearStatusBuffer                
00006520  esmDisableError                     
00006590  esmDisableInterrupt                 
000064f8  esmEnableError                      
00006568  esmEnableInterrupt                  
00006764  esmEnterSelfTest                    
000064dc  esmError                            
0000683c  esmGetConfigValue                   
000066a8  esmGetStatus                        
0000672c  esmGetStatusBuffer                  
000086c8  esmGroup1Notification               
000086d8  esmGroup2Notification               
00007ed0  esmHighInterrupt                    
000063d4  esmInit                             
000067ec  esmSelfTestStatus                   
00006688  esmSetCounterPreloadValue           
000065b8  esmSetInterruptLevel                
00006548  esmTriggerErrorPinReset             
000083bd  floor                               
000083bd  floorl                              
000022c4  fmcBus1ParityCheck                  
0000085c  fmcBus2Check                        
00000898  fmcECCcheck                         
00008851  frexp                               
00008851  frexpl                              
00006bf0  gioDisableNotification              
00006b88  gioEnableNotification               
00006af0  gioGetBit                           
00006c58  gioGetConfigValue                   
00006b18  gioGetPort                          
00006990  gioInit                             
00008720  gioNotification                     
00006a80  gioSetBit                           
00006a60  gioSetDirection                     
00006ad0  gioSetPort                          
00006b30  gioToggleBit                        
00008c1c  handlePLLLockFail                   
00000f58  het1ParityCheck                     
000010c0  het2ParityCheck                     
00001004  htu1ParityCheck                     
000011bc  htu2ParityCheck                     
000081e5  ldexp                               
000081e5  ldexpl                              
00007d50  main                                
00002e64  mapClocks                           
00008b3d  memccpy                             
0000862b  memcpy                              
00000174  memoryInit                          
000086e8  memoryPort0TestFailNotification     
00008704  memoryPort1TestFailNotification     
000087df  memset                              
00001684  mibspi1ParityCheck                  
0000178c  mibspi3ParityCheck                  
000018b0  mibspi5ParityCheck                  
00004d04  muxInit                             
000023ec  pbistFail                           
00002470  pbistGetConfigValue                 
000005a8  pbistIsTestCompleted                
000005d4  pbistIsTestPassed                   
00000608  pbistPortTestStatus                 
000004ac  pbistRun                            
000002cc  pbistSelfCheck                      
00000578  pbistStop                           
00002e10  periphInit                          
00008c18  phantomInterrupt                    
000051a4  pinmuxGetConfigValue                
00000000  resetEntry                          
000081e5  scalbn                              
000081e5  scalbnl                             
00005a80  sciDisableLoopback                  
00005b0c  sciDisableNotification              
00005a4c  sciEnableLoopback                   
00005aa4  sciEnableNotification               
00005b74  sciEnterResetState                  
00005b94  sciExitResetState                   
000055b8  sciInit                             
000058fc  sciIsIdleDetected                   
000058e0  sciIsRxReady                        
00005760  sciIsTxReady                        
00008734  sciNotification                     
00005974  sciReceive                          
00005948  sciReceiveByte                      
00005918  sciRxError                          
000057ac  sciSend                             
0000577c  sciSendByte                         
000056c4  sciSetBaudrate                      
000056a4  sciSetFunctional                    
00005bb4  scilinGetConfigValue                
00000020  selftestFailNotification            
00002dd0  setupFlash                          
00002cfc  setupPLL                            
00008afd  sprintf                             
00003648  sramGetConfigValue                  
000025bc  stcGetConfigValue                   
000001b8  stcSelfCheck                        
00000df8  stcSelfCheckFail                    
00008bb7  strchr                              
00008bcd  strlen                              
00003088  systemGetConfigValue                
00002f8c  systemInit                          
00003058  systemPowerDown                     
0000349c  tcmflashGetConfigValue              
00002d5c  trimLPO                             
00003934  vimChannelMap                       
00003ba0  vimDisableInterrupt                 
000039d8  vimEnableInterrupt                  
00003c4c  vimGetConfigValue                   
00003860  vimInit                             
00000e00  vimParityCheck                      
00007160  vimParityErrorHandler               
00007e5c  wait                                
00008be3  wcslen                              


GLOBAL SYMBOLS: SORTED BY Symbol Address 

address   name                                
-------   ----                                
00000000  __TI_static_base__                  
00000000  resetEntry                          
00000020  selftestFailNotification            
00000030  ccmSelfCheck                        
00000174  memoryInit                          
000001b8  stcSelfCheck                        
00000234  cpuSelfTest                         
000002cc  pbistSelfCheck                      
000004ac  pbistRun                            
00000578  pbistStop                           
000005a8  pbistIsTestCompleted                
000005d4  pbistIsTestPassed                   
00000608  pbistPortTestStatus                 
00000660  efcCheck                            
000006e8  efcStuckZeroTest                    
00000794  efcSelfTest                         
000007bc  checkefcSelfTest                    
0000085c  fmcBus2Check                        
00000898  fmcECCcheck                         
00000938  checkB0RAMECC                       
00000b28  checkB1RAMECC                       
00000d18  checkFlashECC                       
00000df4  custom_dabort                       
00000df8  stcSelfCheckFail                    
00000dfc  cpuSelfTestFail                     
00000e00  vimParityCheck                      
00000eac  dmaParityCheck                      
00000f58  het1ParityCheck                     
00001004  htu1ParityCheck                     
000010c0  het2ParityCheck                     
000011bc  htu2ParityCheck                     
0000126c  adc1ParityCheck                     
00001358  adc2ParityCheck                     
00001410  can1ParityCheck                     
000014e8  can2ParityCheck                     
000015b0  can3ParityCheck                     
00001684  mibspi1ParityCheck                  
0000178c  mibspi3ParityCheck                  
000018b0  mibspi5ParityCheck                  
000019d0  checkRAMECC                         
00001c18  checkClockMonitor                   
00001cf4  checkFlashEEPROMECC                 
00001e8c  checkPLL1Slip                       
00001f8c  checkPLL2Slip                       
00002050  checkRAMAddrParity                  
0000215c  checkRAMUERRTest                    
000022c4  fmcBus1ParityCheck                  
000023ec  pbistFail                           
00002470  pbistGetConfigValue                 
000025bc  stcGetConfigValue                   
00002660  efcGetConfigValue                   
000026fc  ccmr4GetConfigValue                 
0000276c  errata_PBIST_4                      
00002ad0  enableParity                        
00002b58  disableParity                       
00002cfc  setupPLL                            
00002d5c  trimLPO                             
00002dd0  setupFlash                          
00002e10  periphInit                          
00002e64  mapClocks                           
00002f8c  systemInit                          
00003058  systemPowerDown                     
00003088  systemGetConfigValue                
0000349c  tcmflashGetConfigValue              
00003648  sramGetConfigValue                  
00003784  customTrimLPO                       
00003860  vimInit                             
00003934  vimChannelMap                       
000039d8  vimEnableInterrupt                  
00003ba0  vimDisableInterrupt                 
00003c4c  vimGetConfigValue                   
000042b5  __TI_printfi                        
00004d03  __aeabi_idiv0                       
00004d03  __aeabi_ldiv0                       
00004d04  muxInit                             
000051a4  pinmuxGetConfigValue                
000055b8  sciInit                             
000056a4  sciSetFunctional                    
000056c4  sciSetBaudrate                      
00005760  sciIsTxReady                        
0000577c  sciSendByte                         
000057ac  sciSend                             
000058e0  sciIsRxReady                        
000058fc  sciIsIdleDetected                   
00005918  sciRxError                          
00005948  sciReceiveByte                      
00005974  sciReceive                          
00005a4c  sciEnableLoopback                   
00005a80  sciDisableLoopback                  
00005aa4  sciEnableNotification               
00005b0c  sciDisableNotification              
00005b74  sciEnterResetState                  
00005b94  sciExitResetState                   
00005bb4  scilinGetConfigValue                
00005d70  _errata_SSWF021_45_both_plls        
00005f64  _errata_SSWF021_45_pll1             
000060dc  _errata_SSWF021_45_pll2             
000063d4  esmInit                             
000064dc  esmError                            
000064f8  esmEnableError                      
00006520  esmDisableError                     
00006548  esmTriggerErrorPinReset             
00006558  esmActivateNormalOperation          
00006568  esmEnableInterrupt                  
00006590  esmDisableInterrupt                 
000065b8  esmSetInterruptLevel                
0000662c  esmClearStatus                      
0000666c  esmClearStatusBuffer                
00006688  esmSetCounterPreloadValue           
000066a8  esmGetStatus                        
0000672c  esmGetStatusBuffer                  
00006764  esmEnterSelfTest                    
000067ec  esmSelfTestStatus                   
0000683c  esmGetConfigValue                   
00006990  gioInit                             
00006a60  gioSetDirection                     
00006a80  gioSetBit                           
00006ad0  gioSetPort                          
00006af0  gioGetBit                           
00006b18  gioGetPort                          
00006b30  gioToggleBit                        
00006b88  gioEnableNotification               
00006bf0  gioDisableNotification              
00006c58  gioGetConfigValue                   
00006e14  _coreInitRegisters_                 
00006f20  _coreInitStackPointer_              
00006f6c  _getCPSRValue_                      
00006f74  _gotoCPUIdle_                       
00006f8c  _coreEnableVfp_                     
00006fa4  _coreEnableEventBusExport_          
00006fb4  _coreDisableEventBusExport_         
00006fc4  _coreEnableRamEcc_                  
00006fd4  _coreDisableRamEcc_                 
00006fe4  _coreEnableFlashEcc_                
00006ff8  _coreDisableFlashEcc_               
00007008  _coreEnableIrqVicOffset_            
00007018  _coreGetDataFault_                  
00007020  _coreClearDataFault_                
0000702c  _coreGetInstructionFault_           
00007034  _coreClearInstructionFault_         
00007040  _coreGetDataFaultAddress_           
00007048  _coreClearDataFaultAddress_         
00007054  _coreGetInstructionFaultAddress_    
0000705c  _coreClearInstructionFaultAddress_  
00007068  _coreGetAuxiliaryDataFault_         
00007070  _coreClearAuxiliaryDataFault_       
0000707c  _coreGetAuxiliaryInstructionFault_  
00007084  _coreClearAuxiliaryInstructionFault_
00007090  _disable_interrupt_                 
00007098  _disable_FIQ_interrupt_             
000070a0  _disable_IRQ_interrupt_             
000070a8  _enable_interrupt_                  
000070b0  _esmCcmErrorsClear_                 
00007138  _errata_CORTEXR4_57_                
00007148  _errata_CORTEXR4_66_                
00007158  __TI_PINIT_Base                     
0000715c  __TI_PINIT_Limit                    
00007160  vimParityErrorHandler               
0000742c  __aeabi_uldivmod                    
000076e0  _c_int00                            
00007d50  main                                
00007e28  UART_Display_Text                   
00007e5c  wait                                
00007ed0  esmHighInterrupt                    
000081e5  ldexp                               
000081e5  ldexpl                              
000081e5  scalbn                              
000081e5  scalbnl                             
000082d4  _dabort                             
000083bd  floor                               
000083bd  floorl                              
0000849c  _pmuInit_                           
000084e8  _pmuEnableCountersGlobal_           
000084f8  _pmuDisableCountersGlobal_          
00008508  _pmuResetCycleCounter_              
00008518  _pmuResetEventCounters_             
00008528  _pmuResetCounters_                  
00008538  _pmuStartCounters_                  
00008540  _pmuStopCounters_                   
00008548  _pmuSetCountEvent_                  
00008554  _pmuGetCycleCount_                  
0000855c  _pmuGetEventCount_                  
00008568  _pmuGetOverflow_                    
0000862b  __aeabi_memcpy                      
0000862b  __aeabi_memcpy4                     
0000862b  __aeabi_memcpy8                     
0000862b  memcpy                              
000086c8  esmGroup1Notification               
000086d8  esmGroup2Notification               
000086e8  memoryPort0TestFailNotification     
00008704  memoryPort1TestFailNotification     
00008720  gioNotification                     
00008734  sciNotification                     
00008748  dmaGroupANotification               
000087d7  __aeabi_memclr                      
000087d7  __aeabi_memclr4                     
000087d7  __aeabi_memclr8                     
000087d9  __aeabi_memset                      
000087d9  __aeabi_memset4                     
000087d9  __aeabi_memset8                     
000087df  memset                              
00008851  frexp                               
00008851  frexpl                              
000088c5  __TI_decompress_lzss                
00008931  __TI_ltoa                           
00008a29  atoi                                
00008a79  __TI_auto_init_nobinit_nopinit      
00008afd  sprintf                             
00008b3d  memccpy                             
00008b63  copysign                            
00008b63  copysignl                           
00008b81  __TI_zero_init_nomemset             
00008bb7  strchr                              
00008bcd  strlen                              
00008be3  wcslen                              
00008bf5  __TI_decompress_none                
00008c0d  __aeabi_errno_addr                  
00008c15  C$$EXIT                             
00008c15  abort                               
00008c18  phantomInterrupt                    
00008c1c  handlePLLLockFail                   
00008e20  _ctypes_                            
00008f28  __TI_Handler_Table_Base             
00008f34  __TI_Handler_Table_Limit            
00008f48  __TI_CINIT_Base                     
00008f58  __TI_CINIT_Limit                    
08001500  Buffer                              
08001500  __start___llvm_prf_cnts             
08001500  __stop___llvm_prf_cnts              
0800158c  errno                               
ffffffff  __TI_pprof_out_hndl                 
ffffffff  __TI_prof_data_size                 
ffffffff  __TI_prof_data_start                
ffffffff  __binit__                           
ffffffff  __c_args__                          
ffffffff  binit                               
UNDEFED   SHT$$INIT_ARRAY$$Base               
UNDEFED   SHT$$INIT_ARRAY$$Limit              
UNDEFED   _system_post_cinit                  

[239 symbols]
